// Jest Snapshot v1, https://goo.gl/fbAQLP

exports[`Routes should render routes without failing 1`] = `
<BrowserRouter>
  <Switch>
    <Route
      component={
        Object {
          "$$typeof": Symbol(react.lazy),
          "_init": [Function],
          "_payload": Object {
            "_result": [Function],
            "_status": -1,
          },
        }
      }
      exact={true}
      path="/restaurants"
    />
    <Route
      component={
        Object {
          "$$typeof": Symbol(react.lazy),
          "_init": [Function],
          "_payload": Object {
            "_result": [Function],
            "_status": -1,
          },
        }
      }
      exact={true}
      path="/restaurants/:id"
    />
    <Redirect
      from="*"
      to="/restaurants"
    />
  </Switch>
</BrowserRouter>
`;
