// Jest Snapshot v1, https://goo.gl/fbAQLP

exports[`H2 should render without failing 1`] = `
.c0 {
  color: #333;
  font-weight: 300;
  font-size: 32px;
  line-height: 40px;
  margin: 32px 0;
  -webkit-letter-spacing: 1px;
  -moz-letter-spacing: 1px;
  -ms-letter-spacing: 1px;
  letter-spacing: 1px;
}

@media (min-width:758px) {
  .c0 {
    font-size: 34px;
    margin-top: 65px;
    margin-bottom: 42px;
  }
}

<H2>
  <h2
    className="c0"
  >
    All Restaurants
  </h2>
</H2>
`;
