// Jest Snapshot v1, https://goo.gl/fbAQLP

exports[`RestaurantCardLoader should render without failing 1`] = `
<Wrapper>
  <ImageWrapper>
    <SkeletonLoader />
  </ImageWrapper>
  <ContentWrapper>
    <Title>
      <SkeletonLoader />
    </Title>
    <GenericLabel>
      <SkeletonLoader />
    </GenericLabel>
  </ContentWrapper>
</Wrapper>
`;
