// Jest Snapshot v1, https://goo.gl/fbAQLP

exports[`DICTIONARY should have proper values 1`] = `
Object {
  "ALL": "All",
  "ALL_RESTAURANTS": "All Restaurants",
  "APPLY": "Apply",
  "CATEGORIES": "Categories",
  "CLEAR_ALL": "Clear all",
  "CLOSED": "closed",
  "FILTER_BY": "Filter by",
  "LEARN_MORE": "Learn more",
  "LOAD_MORE": "Load more",
  "MAIN_PAGE_DESCRIPTION": "Lorem ipsum dolor sit amet, consectetur adipiscing elit, sed do eiusmod tempor incididunt ut labore et dolore magna aliqua.",
  "NO_RESULTS": "Sorry, we didn't find any results for your search.",
  "OPEN": "open",
  "OPEN_NOW": "open now",
  "PRICE": "Price",
  "RESTAURANTS": "Restaurants",
  "REVIEWS": "Reviews",
  "SELECT_ONE": "Select One",
  "TOGGLE": "toggle",
}
`;
