// Jest Snapshot v1, https://goo.gl/fbAQLP

exports[`RadioButton should render without failing 1`] = `
.c0 {
  cursor: pointer;
}

.c3 {
  cursor: pointer;
  text-transform: capitalize;
  display: -webkit-inline-box;
  display: -webkit-inline-flex;
  display: -ms-inline-flexbox;
  display: inline-flex;
  -webkit-align-items: center;
  -webkit-box-align: center;
  -ms-flex-align: center;
  align-items: center;
  -webkit-user-select: none;
  -moz-user-select: none;
  -ms-user-select: none;
  user-select: none;
  font-size: 16px;
  line-height: 24px;
  color: #606060;
}

.c3::before {
  content: '';
  -webkit-flex-shrink: 0;
  -ms-flex-negative: 0;
  flex-shrink: 0;
  display: inline-block;
  width: 16px;
  height: 16px;
  background-color: #FFF;
  border: 1px solid #C8C8C8;
  margin-right: 8px;
  border-radius: 50%;
  -webkit-transition: 0.2s background-color,0.2s border-color;
  transition: 0.2s background-color,0.2s border-color;
  background-repeat: no-repeat;
  background-position: center;
  background-size: 11px;
}

.c1 {
  position: absolute;
  margin: 0;
  padding: 0;
  opacity: 0;
  height: 0;
  width: 0;
  pointer-events: none;
}

.c1:checked + .c2 {
  color: #002B56;
}

.c1[type='checkbox']:checked + .c2::before {
  background-image: url(-react-component:;);
  background-color: #000;
  border-color: #000;
}

.c1[type='radio']:checked + .c2::before {
  background-image: url(-react-component:;);
  background-size: 10px;
  background-color: #FFF;
  border-color: #C8C8C8;
}

.c1:focus + .c2::before {
  outline: auto;
}

<RadioButton
  id="radio-1"
>
  <OptionInput
    id="radio-1"
    type="radio"
  >
    <Wrapper>
      <div
        className="c0"
      >
        <Input
          id="radio-1"
          type="radio"
        >
          <input
            className="c1"
            id="radio-1"
            type="radio"
          />
        </Input>
        <Label
          htmlFor="radio-1"
        >
          <label
            className="c2 c3"
            htmlFor="radio-1"
          >
            Click me!
          </label>
        </Label>
      </div>
    </Wrapper>
  </OptionInput>
</RadioButton>
`;
